 <?xml version='1.0' ?>

  <map version="1.0">   
    <mapID target="welcome" url="welcome.htm" />   
    <mapID target="install" url="install.htm" />   
    <mapID target="create" url="create.htm" />   
    <mapID target="screen" url="screen.html" />   
    <mapID target="editnav" url="editnav.htm" />   
    <mapID target="edithome" url="edithome.htm" />   
    <mapID target="editnode" url="editnode.htm" />   
    <mapID target="editcopy" url="editcopy.htm" />   
    <mapID target="editdrag" url="editdrag.htm" />   
    <mapID target="editsearch" url="editsearch.htm" />   
    <mapID target="editkeyboard" url="editkeyboard.htm" />   
    <mapID target="editkeychart" url="editkeychart.htm" />   
    <mapID target="tips" url="tips.htm" />   
    <mapID target="patterns" url="patterns.htm" />   
    <mapID target="prefs" url="prefs.htm" />   
    <mapID target="customize" url="customize.htm" />   
    <mapID target="customuser" url="customuser.htm" />   
    <mapID target="exim" url="exim.htm" />   
    <mapID target="applet" url="applet.htm" />   
    <mapID target="homepage" url="homepage.htm" />   
    <mapID target="credits" url="credits.htm" />   
  </map>